-= Formula phi =-

Unit 1 :: Clause      :: 19 

-= MODSAT Set Phi =-

Formula 1:
Unit 1 :: Clause      :: 4 
Unit 2 :: Clause      :: 3 
Unit 3 :: Equivalence :: 1 2
Formula 2:
Unit 1 :: Clause      :: 5 
Unit 2 :: Clause      :: 4 4 
Unit 3 :: Equivalence :: 1 2
Formula 3:
Unit 1 :: Clause      :: 6 
Unit 2 :: Clause      :: 5 5 
Unit 3 :: Equivalence :: 1 2
Formula 4:
Unit 1 :: Clause      :: 7 
Unit 2 :: Clause      :: 6 6 
Unit 3 :: Equivalence :: 1 2
Formula 5:
Unit 1 :: Clause      :: 8 
Unit 2 :: Clause      :: 7 7 
Unit 3 :: Equivalence :: 1 2
Formula 6:
Unit 1 :: Clause      :: 3 
Unit 2 :: Clause      :: 4 8 
Unit 3 :: Negation    :: 2
Unit 4 :: Equivalence :: 1 3
Formula 7:
Unit 1 :: Clause      :: 10 
Unit 2 :: Clause      :: 9 
Unit 3 :: Equivalence :: 1 2
Formula 8:
Unit 1 :: Clause      :: 11 
Unit 2 :: Clause      :: 10 10 
Unit 3 :: Equivalence :: 1 2
Formula 9:
Unit 1 :: Clause      :: 12 
Unit 2 :: Clause      :: 11 11 
Unit 3 :: Equivalence :: 1 2
Formula 10:
Unit 1 :: Clause      :: 9 
Unit 2 :: Clause      :: 10 12 
Unit 3 :: Negation    :: 2
Unit 4 :: Equivalence :: 1 3
Formula 11:
Unit 1 :: Clause      :: 14 
Unit 2 :: Clause      :: 13 
Unit 3 :: Equivalence :: 1 2
Formula 12:
Unit 1 :: Clause      :: 15 
Unit 2 :: Clause      :: 14 14 
Unit 3 :: Equivalence :: 1 2
Formula 13:
Unit 1 :: Clause      :: 16 
Unit 2 :: Clause      :: 15 15 
Unit 3 :: Equivalence :: 1 2
Formula 14:
Unit 1 :: Clause      :: 15 16 
Unit 2 :: Clause      :: 2 
Unit 3 :: Equivalence :: 1 2
Formula 15:
Unit 1 :: Clause      :: 13 
Unit 2 :: Clause      :: 9 
Unit 3 :: Implication :: 1 2
Formula 16:
Unit 1 :: Clause      :: 18 
Unit 2 :: Clause      :: 6 15 
Unit 3 :: Clause      :: -17 17 
Unit 4 :: Negation    :: 3
Unit 5 :: Implication :: 2 4
Unit 6 :: Negation    :: 5
Unit 7 :: Equivalence :: 1 6
Formula 17:
Unit 1 :: Clause      :: 19 
Unit 2 :: Clause      :: 18 18 
Unit 3 :: Equivalence :: 1 2
